// Jest Snapshot v1, https://goo.gl/fbAQLP

exports[`the products page container should render correctly 1`] = `
<DocumentFragment>
  <div
    class="Song-page"
  >
    <p />
    <div
      class="filter-bar"
    >
      <button
        class="category-button"
        type="button"
      >
        All
      </button>
    </div>
    <div
      class="songs-container"
    />
  </div>
</DocumentFragment>
`;
