// Jest Snapshot v1, https://goo.gl/fbAQLP

exports[`the products page container should render correctly 1`] = `
<DocumentFragment>
  <div
    class="products-page"
  >
    <div
      class="products-header"
    >
      <div
        class="product-page-text"
      >
        Filter categories
      </div>
      <div
        class="filter-bar"
      >
        <button
          class="category-button"
          type="button"
        >
          All
        </button>
      </div>
    </div>
    <div
      class="products-container"
    >
      <p>
        All
      </p>
      <div
        class="products-list"
      />
    </div>
  </div>
</DocumentFragment>
`;
