// Jest Snapshot v1, https://goo.gl/fbAQLP

exports[`the button should render correctly 1`] = `
<DocumentFragment>
  <button
    type="button"
  />
</DocumentFragment>
`;
