// Jest Snapshot v1, https://goo.gl/fbAQLP

exports[`the counter component should render correctly 1`] = `
<DocumentFragment>
  <div
    class="counter"
    data-testid="counter-div"
  >
    <button
      class="counter-button"
      data-testid="test-decrement"
      type="button"
    >
      -
    </button>
    <button
      class="counter-button"
      data-testid="test-increment"
      type="button"
    >
      +
    </button>
  </div>
</DocumentFragment>
`;
